%!Adobe-FontList 1.20
%Locale:0x409

%BeginFont
Handler:DirectoryHandler
FontType:Type1
FontName:Montserrat-Bold
FamilyName:Montserrat
StyleName:Bold
MenuName:Montserrat
StyleBits:2
WeightClass:700
WidthClass:5
AngleClass:0
FullName:Montserrat Bold
WritingScript:Roman
OutlineFileName:/Users/hibaamin/Downloads/_chefHero_UGTRAR/Document fonts/Montserrat-Bold.otf
DataFormat:sfntData
UsesStandardEncoding:yes
isCFF:yes
hasSVG:no
VariableFontType:NonVariableFont
FileLength:93452
FileModTime:530617042
NameArray:0,Mac,4,Montserrat Bold
NameArray:0,Win,1,Montserrat
%EndFont

%BeginFont
Handler:DirectoryHandler
FontType:TrueType
FontName:Lato-Black
FamilyName:Lato
StyleName:Black
MenuName:Lato Black
StyleBits:0
WeightClass:900
WidthClass:5
AngleClass:0
FullName:Lato Black
WritingScript:Roman
OutlineFileName:/Users/hibaamin/Downloads/_chefHero_UGTRAR/Document fonts/Lato-Black.ttf
DataFormat:sfntData
hasSVG:no
VariableFontType:NonVariableFont
FileLength:614544
FileModTime:560224118
NameArray:0,Mac,4,Lato Black
NameArray:0,Win,1,Lato Black
NameArray:0,Win,16,Lato
%EndFont

%BeginFont
Handler:DirectoryHandler
FontType:Type1
FontName:Lato-Black
FamilyName:Lato
StyleName:Black
MenuName:Lato Black
StyleBits:0
WeightClass:900
WidthClass:5
AngleClass:0
FullName:Lato Black
WritingScript:Roman
OutlineFileName:/Users/hibaamin/Downloads/_chefHero_UGTRAR/Document fonts/Lato-Black.otf
DataFormat:sfntData
UsesStandardEncoding:yes
isCFF:yes
hasSVG:no
VariableFontType:NonVariableFont
FileLength:1022480
FileModTime:561346739
NameArray:0,Mac,4,Lato Black
NameArray:0,Win,1,Lato Black
NameArray:0,Win,16,Lato
%EndFont

%BeginFont
Handler:DirectoryHandler
FontType:Type1
FontName:Belbo-Regular
FamilyName:Belbo
StyleName:Regular
MenuName:Belbo
StyleBits:0
WeightClass:400
WidthClass:5
AngleClass:0
FullName:Belbo Regular
WritingScript:Roman
OutlineFileName:/Users/hibaamin/Downloads/_chefHero_UGTRAR/Document fonts/Belbo-Regular.OTF
DataFormat:sfntData
UsesStandardEncoding:yes
isCFF:yes
hasSVG:no
VariableFontType:NonVariableFont
FileLength:76644
FileModTime:553789176
NameArray:0,Mac,4,Belbo Regular
NameArray:0,Win,1,Belbo
%EndFont

%BeginFont
Handler:DirectoryHandler
FontType:Type1
FontName:Montserrat-Medium
FamilyName:Montserrat
StyleName:Medium
MenuName:Montserrat Medium
StyleBits:0
WeightClass:500
WidthClass:5
AngleClass:0
FullName:Montserrat Medium
WritingScript:Roman
OutlineFileName:/Users/hibaamin/Downloads/_chefHero_UGTRAR/Document fonts/Montserrat-Medium.otf
DataFormat:sfntData
UsesStandardEncoding:yes
isCFF:yes
hasSVG:no
VariableFontType:NonVariableFont
FileLength:93256
FileModTime:530617042
NameArray:0,Mac,4,Montserrat Medium
NameArray:0,Win,1,Montserrat Medium
NameArray:0,Win,16,Montserrat
%EndFont

%BeginFont
Handler:DirectoryHandler
FontType:TrueType
FontName:Oldenburg-Regular
FamilyName:Oldenburg
StyleName:Regular
MenuName:Oldenburg
StyleBits:0
WeightClass:400
WidthClass:5
AngleClass:0
FullName:Oldenburg
WritingScript:Roman
OutlineFileName:/Users/hibaamin/Downloads/_chefHero_UGTRAR/Document fonts/oldenburg-regular.ttf
DataFormat:sfntData
hasSVG:no
VariableFontType:NonVariableFont
FileLength:46248
FileModTime:560245835
NameArray:0,Mac,18,Oldenburg
NameArray:0,Mac,4,Oldenburg
NameArray:0,Win,1,Oldenburg
%EndFont

%BeginFont
Handler:DirectoryHandler
FontType:Type1
FontName:TiemposHeadline-LightItalic
FamilyName:Tiempos Headline
StyleName:Light Italic
MenuName:Tiempos Headline Light
StyleBits:1
WeightClass:300
WidthClass:5
AngleClass:1
FullName:Tiempos Headline Light Italic
WritingScript:Roman
OutlineFileName:/Users/hibaamin/Downloads/_chefHero_UGTRAR/Document fonts/TiemposHeadline-LightItalic.otf
DataFormat:sfntData
UsesStandardEncoding:yes
isCFF:yes
hasSVG:no
VariableFontType:NonVariableFont
FileLength:56520
FileModTime:532597256
NameArray:0,Mac,4,Tiempos Headline Light Italic
NameArray:0,Win,1,Tiempos Headline Light
NameArray:0,Win,16,Tiempos Headline
%EndFont

%BeginFont
Handler:DirectoryHandler
FontType:Type1
FontName:TiemposHeadline-Bold
FamilyName:Tiempos Headline
StyleName:Bold
MenuName:Tiempos Headline Bold
StyleBits:0
WeightClass:700
WidthClass:5
AngleClass:0
FullName:Tiempos Headline Bold
WritingScript:Roman
OutlineFileName:/Users/hibaamin/Downloads/_chefHero_UGTRAR/Document fonts/TiemposHeadline-Bold.otf
DataFormat:sfntData
UsesStandardEncoding:yes
isCFF:yes
hasSVG:no
VariableFontType:NonVariableFont
FileLength:59784
FileModTime:532597252
NameArray:0,Mac,4,Tiempos Headline Bold
NameArray:0,Win,1,Tiempos Headline Bold
NameArray:0,Win,16,Tiempos Headline
%EndFont

%BeginFont
Handler:DirectoryHandler
FontType:Type1
FontName:TiemposHeadline-Light
FamilyName:Tiempos Headline
StyleName:Light
MenuName:Tiempos Headline Light
StyleBits:0
WeightClass:300
WidthClass:5
AngleClass:0
FullName:Tiempos Headline Light
WritingScript:Roman
OutlineFileName:/Users/hibaamin/Downloads/_chefHero_UGTRAR/Document fonts/TiemposHeadline-Light.otf
DataFormat:sfntData
UsesStandardEncoding:yes
isCFF:yes
hasSVG:no
VariableFontType:NonVariableFont
FileLength:56092
FileModTime:532597256
NameArray:0,Mac,4,Tiempos Headline Light
NameArray:0,Win,1,Tiempos Headline Light
NameArray:0,Win,16,Tiempos Headline
%EndFont

%BeginFont
Handler:DirectoryHandler
FontType:TrueType
FontName:OpenSans-Bold
FamilyName:Open Sans
StyleName:Bold
MenuName:Open Sans
StyleBits:2
WeightClass:700
WidthClass:5
AngleClass:0
FullName:Open Sans Bold
WritingScript:Roman
OutlineFileName:/Users/hibaamin/Downloads/_chefHero_UGTRAR/Document fonts/OpenSans-Bold.ttf
DataFormat:sfntData
hasSVG:no
VariableFontType:NonVariableFont
FileLength:224592
FileModTime:560223984
NameArray:0,Mac,4,Open Sans Bold
NameArray:0,Win,1,Open Sans
%EndFont

%BeginFont
Handler:DirectoryHandler
FontType:Type1
FontName:Belbo-Medium
FamilyName:Belbo
StyleName:Medium
MenuName:Belbo Medium
StyleBits:0
WeightClass:500
WidthClass:5
AngleClass:0
FullName:Belbo Medium
WritingScript:Roman
OutlineFileName:/Users/hibaamin/Downloads/_chefHero_UGTRAR/Document fonts/Belbo-Medium.OTF
DataFormat:sfntData
UsesStandardEncoding:yes
isCFF:yes
hasSVG:no
VariableFontType:NonVariableFont
FileLength:77352
FileModTime:553789176
NameArray:0,Mac,4,Belbo Medium
NameArray:0,Win,1,Belbo Medium
NameArray:0,Win,16,Belbo
%EndFont

%BeginFont
Handler:DirectoryHandler
FontType:Type1
FontName:TiemposHeadline-Regular
FamilyName:Tiempos Headline
StyleName:Regular
MenuName:Tiempos Headline Regular
StyleBits:0
WeightClass:400
WidthClass:5
AngleClass:0
FullName:Tiempos Headline
WritingScript:Roman
OutlineFileName:/Users/hibaamin/Downloads/_chefHero_UGTRAR/Document fonts/TiemposHeadline-Regular.otf
DataFormat:sfntData
UsesStandardEncoding:yes
isCFF:yes
hasSVG:no
VariableFontType:NonVariableFont
FileLength:59312
FileModTime:532597262
NameArray:0,Mac,18,Tiempos Headline Regular
NameArray:0,Mac,4,Tiempos Headline
NameArray:0,Win,1,Tiempos Headline Regular
NameArray:0,Win,16,Tiempos Headline
%EndFont

%BeginFont
Handler:DirectoryHandler
FontType:Type1
FontName:OpenSans
FamilyName:Open Sans
StyleName:Regular
MenuName:Open Sans
StyleBits:0
WeightClass:400
WidthClass:5
AngleClass:0
FullName:Open Sans
WritingScript:Roman
OutlineFileName:/Users/hibaamin/Downloads/_chefHero_UGTRAR/Document fonts/OpenSans-Regular.otf
DataFormat:sfntData
UsesStandardEncoding:yes
isCFF:yes
hasSVG:no
VariableFontType:NonVariableFont
FileLength:152632
FileModTime:561346738
NameArray:0,Mac,4,Open Sans
NameArray:0,Win,1,Open Sans
%EndFont

%BeginFont
Handler:DirectoryHandler
FontType:TrueType
FontName:Courier
FamilyName:Courier
StyleName:Regular
MenuName:Courier
StyleBits:0
WeightClass:400
WidthClass:5
AngleClass:0
FullName:Courier
WritingScript:Roman
OutlineFileName:/Users/hibaamin/Downloads/_chefHero_UGTRAR/Document fonts/Courier.dfont
DataFormat:sfntResource
ResourceID:24011
hasSVG:no
VariableFontType:NonVariableFont
FileLength:1649525
FileModTime:556235899
NameArray:0,Mac,4,Courier
%EndFont

%BeginFont
Handler:DirectoryHandler
FontType:TrueType
FontName:Courier-Bold
FamilyName:Courier
StyleName:Bold
MenuName:Courier
StyleBits:2
WeightClass:700
WidthClass:5
AngleClass:0
FullName:Courier Bold
WritingScript:Roman
OutlineFileName:/Users/hibaamin/Downloads/_chefHero_UGTRAR/Document fonts/Courier.dfont
DataFormat:sfntResource
ResourceID:27224
hasSVG:no
VariableFontType:NonVariableFont
FileLength:1649525
FileModTime:556235899
NameArray:0,Mac,4,Courier Bold
NameArray:0,Mac,4,Courier Gras
NameArray:0,Mac,4,Courier Fett
NameArray:0,Mac,4,Courier grassetto
NameArray:0,Mac,4,Courier vet
NameArray:0,Mac,4,Courier Fet
NameArray:0,Mac,4,Courier Negrita
NameArray:0,Mac,4,Courier Carregado
NameArray:0,Mac,4,Courier Halvfet
NameArray:0,Mac,4,Courier lihava
NameArray:4,Mac,4,Courier‭ ‬أسود
NameArray:4,Mac,4,Courier‭ ‬برجسته
NameArray:5,Mac,4,Courier‭ ‬עבה
%EndFont

%BeginFont
Handler:DirectoryHandler
FontType:TrueType
FontName:Courier-Oblique
FamilyName:Courier
StyleName:Oblique
MenuName:Courier
StyleBits:1
WeightClass:400
WidthClass:5
AngleClass:1
FullName:Courier Oblique
WritingScript:Roman
OutlineFileName:/Users/hibaamin/Downloads/_chefHero_UGTRAR/Document fonts/Courier.dfont
DataFormat:sfntResource
ResourceID:12456
hasSVG:no
VariableFontType:NonVariableFont
FileLength:1649525
FileModTime:556235899
NameArray:0,Mac,18,Courier Oblique
NameArray:0,Mac,4,Courier Oblique
%EndFont

%BeginFont
Handler:DirectoryHandler
FontType:TrueType
FontName:Courier-BoldOblique
FamilyName:Courier
StyleName:Bold Oblique
MenuName:Courier
StyleBits:3
WeightClass:700
WidthClass:5
AngleClass:1
FullName:Courier Bold Oblique
WritingScript:Roman
OutlineFileName:/Users/hibaamin/Downloads/_chefHero_UGTRAR/Document fonts/Courier.dfont
DataFormat:sfntResource
ResourceID:28062
hasSVG:no
VariableFontType:NonVariableFont
FileLength:1649525
FileModTime:556235899
NameArray:0,Mac,18,Courier Bold Oblique
NameArray:0,Mac,4,Courier Bold Oblique
%EndFont

%BeginFont
Handler:DirectoryHandler
FontType:Suitcase
FontName:Courier
OutlineFileName:/Users/hibaamin/Downloads/_chefHero_UGTRAR/Document fonts/Courier.dfont
ResourceID:22
MacStyle:0
FileLength:1649525
FileModTime:556235899
%EndFont

%BeginFont
Handler:DirectoryHandler
FontType:Suitcase
FontName:Courier-Bold
OutlineFileName:/Users/hibaamin/Downloads/_chefHero_UGTRAR/Document fonts/Courier.dfont
ResourceID:22
MacStyle:1
FileLength:1649525
FileModTime:556235899
%EndFont

%BeginFont
Handler:DirectoryHandler
FontType:Suitcase
FontName:Courier-Oblique
OutlineFileName:/Users/hibaamin/Downloads/_chefHero_UGTRAR/Document fonts/Courier.dfont
ResourceID:22
MacStyle:2
FileLength:1649525
FileModTime:556235899
%EndFont

%BeginFont
Handler:DirectoryHandler
FontType:Suitcase
FontName:Courier-BoldOblique
OutlineFileName:/Users/hibaamin/Downloads/_chefHero_UGTRAR/Document fonts/Courier.dfont
ResourceID:22
MacStyle:3
FileLength:1649525
FileModTime:556235899
%EndFont

%BeginFont
Handler:DirectoryHandler
FontType:Type1
FontName:OpenSans-Bold
FamilyName:Open Sans
StyleName:Bold
MenuName:Open Sans
StyleBits:2
WeightClass:700
WidthClass:5
AngleClass:0
FullName:Open Sans Bold
WritingScript:Roman
OutlineFileName:/Users/hibaamin/Downloads/_chefHero_UGTRAR/Document fonts/OpenSans-Bold.otf
DataFormat:sfntData
UsesStandardEncoding:yes
isCFF:yes
hasSVG:no
VariableFontType:NonVariableFont
FileLength:151796
FileModTime:561346732
NameArray:0,Mac,4,Open Sans Bold
NameArray:0,Win,1,Open Sans
%EndFont

%BeginFont
Handler:DirectoryHandler
FontType:TrueType
FontName:OpenSans
FamilyName:Open Sans
StyleName:Regular
MenuName:Open Sans
StyleBits:0
WeightClass:400
WidthClass:5
AngleClass:0
FullName:Open Sans
WritingScript:Roman
OutlineFileName:/Users/hibaamin/Downloads/_chefHero_UGTRAR/Document fonts/OpenSans-Regular.ttf
DataFormat:sfntData
hasSVG:no
VariableFontType:NonVariableFont
FileLength:217360
FileModTime:560223984
NameArray:0,Mac,4,Open Sans
NameArray:0,Win,1,Open Sans
%EndFont

%BeginFont
Handler:DirectoryHandler
FontType:Type1
FontName:Oldenburg-Regular
FamilyName:Oldenburg
StyleName:Regular
MenuName:Oldenburg
StyleBits:0
WeightClass:400
WidthClass:5
AngleClass:0
FullName:Oldenburg
WritingScript:Roman
OutlineFileName:/Users/hibaamin/Downloads/_chefHero_UGTRAR/Document fonts/oldenburg-regular.otf
DataFormat:sfntData
UsesStandardEncoding:yes
isCFF:yes
hasSVG:no
VariableFontType:NonVariableFont
FileLength:141816
FileModTime:561346731
NameArray:0,Mac,18,Oldenburg
NameArray:0,Mac,4,Oldenburg
NameArray:0,Win,1,Oldenburg
%EndFont

%BeginFont
Handler:DirectoryHandler
FontType:Type1
FontName:TiemposHeadline-Medium
FamilyName:Tiempos Headline
StyleName:Medium
MenuName:Tiempos Headline Medium
StyleBits:0
WeightClass:500
WidthClass:5
AngleClass:0
FullName:Tiempos Headline Medium
WritingScript:Roman
OutlineFileName:/Users/hibaamin/Downloads/_chefHero_UGTRAR/Document fonts/TiemposHeadline-Medium.otf
DataFormat:sfntData
UsesStandardEncoding:yes
isCFF:yes
hasSVG:no
VariableFontType:NonVariableFont
FileLength:59504
FileModTime:532597258
NameArray:0,Mac,4,Tiempos Headline Medium
NameArray:0,Win,1,Tiempos Headline Medium
NameArray:0,Win,16,Tiempos Headline
%EndFont

